Welcome to Grails 1.2.0 - http://grails.org/
Licensed under Apache Standard License 2.0
Grails home is set to: /home/gdulus/Programs/Grails/1.2.0

Base Directory: /home/gdulus/Workspace/Grails/BurningImage
Resolving dependencies...
Dependencies resolved in 1437ms.
Running script /home/gdulus/Programs/Grails/1.2.0/scripts/Compile.groovy
Environment set to development
  [groovyc] Compiling 22 source files to /home/gdulus/.grails/1.2.0/projects/BurningImage/classes
[Burining Image]: start transforming: pl.burningice.plugins.image.ast.TestDomain with field image
[Burining Image]: try to add custom validator for field: image
[Burining Image]: start transforming: pl.burningice.plugins.image.ast.TestDomainSecond with field avatar
[Burining Image]: try to add custom validator for field: avatar
  [groovyc] null
====================================================================================================
Compilation error: java.lang.NullPointerException
